// Jest Snapshot v1, https://goo.gl/fbAQLP

exports[`CMYK should render correctly 1`] = `
<div>
  <div
    class="cmyk"
  >
    <div
      class="animated fadeInRight letter g"
    >
      <img
        alt="g"
        class="animated fadeInLeft"
        src="g.svg"
      />
    </div>
    <div
      class="animated fadeInRight letter n"
    >
      <img
        alt="n"
        class="animated fadeInLeft"
        src="n.svg"
      />
    </div>
    <div
      class="animated fadeInRight letter l"
    >
      <img
        alt="l"
        class="animated fadeInLeft"
        src="l.svg"
      />
    </div>
    <div
      class="animated fadeInRight letter c"
    >
      <img
        alt="c"
        class="animated fadeInLeft"
        src="c.svg"
      />
    </div>
    <div
      class="repo hide"
    />
  </div>
</div>
`;
