// Jest Snapshot v1, https://goo.gl/fbAQLP

exports[`GNLC should render correctly 1`] = `
<div>
  <div
    class="letter g"
  >
    <img
      alt="g"
      src="g.svg"
    />
  </div>
  <div
    class="letter n"
  >
    <img
      alt="n"
      src="n.svg"
    />
  </div>
  <div
    class="letter l"
  >
    <img
      alt="l"
      src="l.svg"
    />
  </div>
  <div
    class="letter c"
  >
    <img
      alt="c"
      src="c.svg"
    />
  </div>
</div>
`;
