// Jest Snapshot v1, https://goo.gl/fbAQLP

exports[`GNLC should render correctly 1`] = `
<div>
  <div
    class="animate__animated animate__fadeInRight letter g"
  >
    <img
      alt="g"
      class="animate__animated animate__fadeInLeft"
      src="g.svg"
    />
  </div>
  <div
    class="animate__animated animate__fadeInRight letter n"
  >
    <img
      alt="n"
      class="animate__animated animate__fadeInLeft"
      src="n.svg"
    />
  </div>
  <div
    class="animate__animated animate__fadeInRight letter l"
  >
    <img
      alt="l"
      class="animate__animated animate__fadeInLeft"
      src="l.svg"
    />
  </div>
  <div
    class="animate__animated animate__fadeInRight letter c"
  >
    <img
      alt="c"
      class="animate__animated animate__fadeInLeft"
      src="c.svg"
    />
  </div>
</div>
`;
